vite v7.3.6 building client environment for production...
transforming...
<script src="/dualsense-tester/locale.js"> in "/dualsense-tester/index.html" can't be bundled without type="module" attribute
<script src="../../repair-page.js?v=nintendo-seo-20260530"> in "/repair-services/consoles/nintendo.html" can't be bundled without type="module" attribute
<script src="../../repair-page.js?v=sony-seo-20260530"> in "/repair-services/consoles/sony.html" can't be bundled without type="module" attribute
<script src="../../repair-page.js?v=xbox-seo-20260530"> in "/repair-services/consoles/xbox.html" can't be bundled without type="module" attribute
<script src="../../repair-page.js?v=iphone-seo-20260517c"> in "/repair-services/phones/apple.html" can't be bundled without type="module" attribute
<script src="../../repair-page.js?v=samsung-seo-20260519"> in "/repair-services/phones/samsung.html" can't be bundled without type="module" attribute
<script src="../../repair-page.js?v=ipad-seo-20260525"> in "/repair-services/tablets/apple.html" can't be bundled without type="module" attribute
✓ 496 modules transformed.
rendering chunks...
computing gzip size...
dist/google8a6464ba226f355f.html                                                                                                 0.05 kB │ gzip:   0.07 kB
dist/admin/index.html                                                                                                            0.47 kB │ gzip:   0.31 kB
dist/home.html                                                                                                                   0.50 kB │ gzip:   0.29 kB
dist/about-us.html                                                                                                               0.58 kB │ gzip:   0.32 kB
dist/business-services/school-device-repair.html                                                                                 0.59 kB │ gzip:   0.31 kB
dist/screen-protector.html                                                                                                       0.61 kB │ gzip:   0.32 kB
dist/computer-parts.html                                                                                                         0.62 kB │ gzip:   0.31 kB
dist/macbookcharger.html                                                                                                         0.62 kB │ gzip:   0.33 kB
dist/book-online.html                                                                                                            0.63 kB │ gzip:   0.32 kB
dist/phone-repairs-park-ridge.html                                                                                               0.67 kB │ gzip:   0.33 kB
dist/product-page/airpods-silicone-cases/index.html                                                                              0.67 kB │ gzip:   0.36 kB
dist/product-page/meetion-wireless-mouse-black-r560/index.html                                                                   0.67 kB │ gzip:   0.36 kB
dist/product-page/three-in-one-cable-knitted-denim-with-blue-light-1m/index.html                                                 0.67 kB │ gzip:   0.36 kB
dist/product-page/samsung-full-cover-nano-glass-matte-anti-screen-protector-tm8-sp05/index.html                                  0.67 kB │ gzip:   0.36 kB
dist/product-page/wireless-chocolate-keyboard-wk841/index.html                                                                   0.67 kB │ gzip:   0.36 kB
dist/admin/orders.html                                                                                                           0.72 kB │ gzip:   0.39 kB
dist/admin/products.html                                                                                                         0.72 kB │ gzip:   0.38 kB
dist/dualsense-tester/index.html                                                                                                 0.72 kB │ gzip:   0.39 kB
dist/admin/customers.html                                                                                                        0.72 kB │ gzip:   0.38 kB
dist/admin/dashboard.html                                                                                                        0.72 kB │ gzip:   0.39 kB
dist/admin/inventory.html                                                                                                        0.72 kB │ gzip:   0.39 kB
dist/admin/repairs.html                                                                                                          0.73 kB │ gzip:   0.39 kB
dist/product-page/tm8-car-6580/index.html                                                                                        0.76 kB │ gzip:   0.39 kB
dist/product-page/tm8-car-6576/index.html                                                                                        0.76 kB │ gzip:   0.39 kB
dist/product-page/tm8-car-6989/index.html                                                                                        0.76 kB │ gzip:   0.39 kB
dist/product-page/tm8-car-8154/index.html                                                                                        0.77 kB │ gzip:   0.40 kB
dist/product-page/tm8-car-6671/index.html                                                                                        0.78 kB │ gzip:   0.40 kB
dist/product-page/100w-wall-charger/index.html                                                                                   0.78 kB │ gzip:   0.39 kB
dist/product-page/tm8-car-6659/index.html                                                                                        0.78 kB │ gzip:   0.40 kB
dist/product-page/tm8-cch-7152/index.html                                                                                        0.78 kB │ gzip:   0.40 kB
dist/product-page/tm8-cch-9322/index.html                                                                                        0.78 kB │ gzip:   0.40 kB
dist/product-page/3-usb-wall-charger/index.html                                                                                  0.79 kB │ gzip:   0.40 kB
dist/product-page/c28-fm-transmitter/index.html                                                                                  0.79 kB │ gzip:   0.39 kB
dist/product-page/c34-fm-transmitter/index.html                                                                                  0.79 kB │ gzip:   0.39 kB
dist/product-page/tm8-car-10362/index.html                                                                                       0.79 kB │ gzip:   0.40 kB
dist/product-page/tm8-car-6606/index.html                                                                                        0.79 kB │ gzip:   0.41 kB
dist/product-page/tm8-car-9977/index.html                                                                                        0.79 kB │ gzip:   0.40 kB
dist/product-page/tm8-cch-7150/index.html                                                                                        0.79 kB │ gzip:   0.41 kB
dist/product-page/tm8-cch-7151/index.html                                                                                        0.79 kB │ gzip:   0.41 kB
dist/product-page/tm8-car-9976/index.html                                                                                        0.80 kB │ gzip:   0.41 kB
dist/product-page/remax-rb-m62-speaker/index.html                                                                                0.81 kB │ gzip:   0.40 kB
dist/product-page/tm8-car-10834/index.html                                                                                       0.81 kB │ gzip:   0.41 kB
dist/product-page/tm8-cch-6575/index.html                                                                                        0.81 kB │ gzip:   0.41 kB
dist/product-page/tm8-cch-7588/index.html                                                                                        0.81 kB │ gzip:   0.41 kB
dist/product-page/tm8-car-8866/index.html                                                                                        0.81 kB │ gzip:   0.41 kB
dist/product-page/repairdesk-misc-8483-drone-map/index.html                                                                      0.82 kB │ gzip:   0.40 kB
dist/product-page/wk-v04-wireless-earbuds/index.html                                                                             0.82 kB │ gzip:   0.40 kB
dist/product-page/tm8-car-6660/index.html                                                                                        0.82 kB │ gzip:   0.41 kB
dist/product-page/repairdesk-accessory-6031-stander/index.html                                                                   0.82 kB │ gzip:   0.40 kB
dist/product-page/tm8-car-6034/index.html                                                                                        0.83 kB │ gzip:   0.41 kB
dist/product-page/techm8-everyday-accessory/index.html                                                                           0.83 kB │ gzip:   0.39 kB
dist/product-page/wekome-wp-c53-car-charger/index.html                                                                           0.83 kB │ gzip:   0.41 kB
dist/product-page/wekome-wp-c54-car-charger/index.html                                                                           0.83 kB │ gzip:   0.41 kB
dist/product-page/wekome-wp-c64-car-charger/index.html                                                                           0.83 kB │ gzip:   0.41 kB
dist/product-page/tm8-car-10742/index.html                                                                                       0.83 kB │ gzip:   0.42 kB
dist/product-page/remax-g6-wireless-gamebubs/index.html                                                                          0.84 kB │ gzip:   0.41 kB
dist/product-page/ds15-2-in-1wireless-charger/index.html                                                                         0.84 kB │ gzip:   0.41 kB
dist/product-page/tm8-car-11126/index.html                                                                                       0.84 kB │ gzip:   0.42 kB
dist/product-page/remax-rb-m8-wireless-speaker/index.html                                                                        0.85 kB │ gzip:   0.40 kB
dist/product-page/com1-monitor-msi-mp273u/index.html                                                                             0.85 kB │ gzip:   0.43 kB
dist/product-page/com1-monitor-lg-i27ms500-b/index.html                                                                          0.85 kB │ gzip:   0.43 kB
dist/product-page/remax-tws-43-wireless-earbuds/index.html                                                                       0.85 kB │ gzip:   0.41 kB
dist/product-page/com1-monitor-msi-mp341cq/index.html                                                                            0.85 kB │ gzip:   0.43 kB
dist/product-page/com1-monitor-msi-g255xf/index.html                                                                             0.86 kB │ gzip:   0.43 kB
dist/product-page/1m-ultra-tough-micro-usb-cable/index.html                                                                      0.86 kB │ gzip:   0.41 kB
dist/product-page/com1-monitor-msi-mp341cqw/index.html                                                                           0.86 kB │ gzip:   0.43 kB
dist/product-page/repairdesk-accessory-8867-2m-stand-8809/index.html                                                             0.86 kB │ gzip:   0.41 kB
dist/product-page/com1-monitor-msi-mp165e6/index.html                                                                            0.86 kB │ gzip:   0.43 kB
dist/product-page/com1-monitor-msi-mp273q-e7/index.html                                                                          0.86 kB │ gzip:   0.43 kB
dist/product-page/com1-monitor-msi-mp251e14l/index.html                                                                          0.86 kB │ gzip:   0.43 kB
dist/product-page/com1-monitor-msi-mp271e14a/index.html                                                                          0.86 kB │ gzip:   0.43 kB
dist/product-page/com1-monitor-msi-mp275qpdg/index.html                                                                          0.86 kB │ gzip:   0.43 kB
dist/product-page/repairdesk-misc-8974-card-strap-holder/index.html                                                              0.86 kB │ gzip:   0.41 kB
dist/product-page/wekome-wireless-charger-wp-u172/index.html                                                                     0.86 kB │ gzip:   0.41 kB
dist/product-page/com1-monitor-msi-mag401qr/index.html                                                                           0.87 kB │ gzip:   0.43 kB
dist/product-page/com1-monitor-msi-mp242-e14a/index.html                                                                         0.87 kB │ gzip:   0.43 kB
dist/product-page/com1-monitor-msi-mp275q-e14/index.html                                                                         0.87 kB │ gzip:   0.44 kB
dist/product-page/3-in-1-cabin-crew-charging-cable/index.html                                                                    0.87 kB │ gzip:   0.41 kB
dist/product-page/com1-monitor-msi-nxg253r/index.html                                                                            0.87 kB │ gzip:   0.44 kB
dist/product-page/45w-dual-type-c-fast-wall-charger/index.html                                                                   0.88 kB │ gzip:   0.42 kB
dist/product-page/remax-rpp-622-10000mah-power-bank/index.html                                                                   0.88 kB │ gzip:   0.42 kB
dist/product-page/repairdesk-misc-8411-phone-lanyard-strap/index.html                                                            0.88 kB │ gzip:   0.41 kB
dist/product-page/wekome-wdc-50-240w-charging-cable/index.html                                                                   0.88 kB │ gzip:   0.42 kB
dist/product-page/wekome-wp-101-10000mah-power-bank/index.html                                                                   0.88 kB │ gzip:   0.42 kB
dist/product-page/com1-monitor-msi-mag275fe20/index.html                                                                         0.88 kB │ gzip:   0.44 kB
dist/product-page/com1-monitor-msi-mag275cqf/index.html                                                                          0.88 kB │ gzip:   0.44 kB
dist/product-page/com1-monitor-msi-mag255f-x24/index.html                                                                        0.88 kB │ gzip:   0.44 kB
dist/product-page/remax-rpp-623-power-bank-20000-mah/index.html                                                                  0.88 kB │ gzip:   0.42 kB
dist/product-page/repairdesk-computer-11064-t-wold-s3-speaker/index.html                                                         0.88 kB │ gzip:   0.41 kB
dist/product-page/com1-monitor-msi-mag275cf-x24/index.html                                                                       0.89 kB │ gzip:   0.44 kB
dist/product-page/repairdesk-accessory-10265-remax-f37-usb-fan/index.html                                                        0.89 kB │ gzip:   0.42 kB
dist/product-page/com1-monitor-msi-mag321cqfe18/index.html                                                                       0.89 kB │ gzip:   0.44 kB
dist/product-page/com1-monitor-msi-mpg272qrfx36/index.html                                                                       0.89 kB │ gzip:   0.44 kB
dist/product-page/com1-monitor-msi-mag271kpd7/index.html                                                                         0.89 kB │ gzip:   0.44 kB
dist/product-page/com1-monitor-msi-mag275qfe20/index.html                                                                        0.89 kB │ gzip:   0.44 kB
dist/product-page/remax-pd-bt533n-pro-wireless-earbuds/index.html                                                                0.89 kB │ gzip:   0.42 kB
dist/product-page/1m-ultra-tough-type-c-to-type-c-cable/index.html                                                               0.90 kB │ gzip:   0.41 kB
dist/product-page/com1-monitor-msi-mag274qpf-e20/index.html                                                                      0.90 kB │ gzip:   0.44 kB
dist/product-page/com1-monitor-msi-mag274qpf-x32/index.html                                                                      0.90 kB │ gzip:   0.45 kB
dist/product-page/com1-monitor-msi-mag325qf-e18v/index.html                                                                      0.90 kB │ gzip:   0.44 kB
dist/product-page/remax-pd-bt230-bt260-wireless-earbuds/index.html                                                               0.90 kB │ gzip:   0.42 kB
dist/product-page/wekome-wp-u99-magsafe-wirless-charger/index.html                                                               0.90 kB │ gzip:   0.42 kB
dist/product-page/com1-monitor-msi-mag274qrfw-x32/index.html                                                                     0.90 kB │ gzip:   0.45 kB
dist/product-page/com1-monitor-msi-mag274qpfx30mv/index.html                                                                     0.90 kB │ gzip:   0.45 kB
dist/product-page/com1-monitor-msi-mag342cqrf-e20/index.html                                                                     0.90 kB │ gzip:   0.45 kB
dist/product-page/repairdesk-misc-8039-magsafe-card-wallet-red/index.html                                                        0.90 kB │ gzip:   0.42 kB
dist/product-page/wekome-wk-wd-03-mini-karaoke-speaker-b/index.html                                                              0.91 kB │ gzip:   0.42 kB
dist/product-page/wekome-wk-wd-03-mini-karaoke-speaker-w/index.html                                                              0.91 kB │ gzip:   0.42 kB
dist/product-page/com1-monitor-msi-491cqp-qd-oled/index.html                                                                     0.91 kB │ gzip:   0.45 kB
dist/product-page/com1-monitor-msi-mag321upde14/index.html                                                                       0.91 kB │ gzip:   0.45 kB
dist/product-page/repairdesk-misc-8041-magsafe-card-wallet-navy/index.html                                                       0.91 kB │ gzip:   0.42 kB
dist/product-page/ca69-ca112-apple-watch-magnetic-charger/index.html                                                             0.91 kB │ gzip:   0.42 kB
dist/product-page/com1-monitor-msi-mag275upd-e14/index.html                                                                      0.91 kB │ gzip:   0.45 kB
dist/product-page/repairdesk-accessory-10382-wekome-yb06-wired-earphone-usb-c-in-ear/index.html                                  0.91 kB │ gzip:   0.43 kB
dist/product-page/repairdesk-misc-8412-phone-strap-adapter-patch/index.html                                                      0.91 kB │ gzip:   0.42 kB
dist/product-page/wekome-wp-80-magsafe-5000mah-power-bank/index.html                                                             0.91 kB │ gzip:   0.43 kB
dist/product-page/wekome-yb06-wired-earphone-usb-c-in-ear/index.html                                                             0.91 kB │ gzip:   0.43 kB
dist/products/repairdesk-accessory-10382-wekome-yb06-wired-earphone-usb-c-in-ear/index.html                                      0.91 kB │ gzip:   0.43 kB
dist/product-page/1m-ultra-tough-type-c-to-lightning-cable/index.html                                                            0.92 kB │ gzip:   0.42 kB
dist/product-page/repairdesk-misc-8036-magsafe-card-wallet-brown/index.html                                                      0.92 kB │ gzip:   0.42 kB
dist/product-page/repairdesk-misc-8038-magsafe-card-wallet-green/index.html                                                      0.92 kB │ gzip:   0.42 kB
dist/product-page/msi-mag-coreliquid-a13-240-liquid-cooler/index.html                                                            0.92 kB │ gzip:   0.43 kB
dist/product-page/wekome-wp-81-magsafe-10000mah-power-bank/index.html                                                            0.92 kB │ gzip:   0.43 kB
dist/product-page/repairdesk-misc-10851-magsafe-multi-wallet-grey/index.html                                                     0.92 kB │ gzip:   0.42 kB
dist/product-page/repairdesk-misc-8040-magsafe-card-wallet-orange/index.html                                                     0.92 kB │ gzip:   0.42 kB
dist/product-page/com1-monitor-msi-mag272qpwqd-oled/index.html                                                                   0.92 kB │ gzip:   0.45 kB
dist/product-page/com1-monitor-msi-mpg321urx-qd-oled/index.html                                                                  0.92 kB │ gzip:   0.45 kB
dist/product-page/com1-monitor-msi-mpg274urdfwe16m/index.html                                                                    0.93 kB │ gzip:   0.45 kB
dist/product-page/com1-monitor-msi-mpg321urxwqd-oled/index.html                                                                  0.93 kB │ gzip:   0.45 kB
dist/product-page/repairdesk-misc-10852-magsafe-multi-wallet-black/index.html                                                    0.93 kB │ gzip:   0.42 kB
dist/product-page/repairdesk-misc-10853-magsafe-multi-wallet-brown/index.html                                                    0.93 kB │ gzip:   0.42 kB
dist/product-page/repairdesk-misc-10888-magsafe-stand-wallet-black/index.html                                                    0.93 kB │ gzip:   0.42 kB
dist/product-page/com1-monitor-msi-mag274qpqd-oledx24/index.html                                                                 0.93 kB │ gzip:   0.45 kB
dist/product-page/remax-2-4a-universal-travel-adaptor-rp-u23/index.html                                                          0.93 kB │ gzip:   0.43 kB
dist/product-page/repairdesk-accessory-10264-remax-rm-c60-phone-stand/index.html                                                 0.93 kB │ gzip:   0.43 kB
dist/product-page/wekome-wdc-60-type-c-c-charging-data-cable/index.html                                                          0.93 kB │ gzip:   0.43 kB
dist/product-page/msi-mag-coreliquid-a13-240-liquid-cooler-copy/index.html                                                       0.94 kB │ gzip:   0.43 kB
dist/product-page/com1-monitor-msi-mpg322ur-qd-oled-x24/index.html                                                               0.94 kB │ gzip:   0.46 kB
dist/product-page/wekome-wdc-c33-1-2m-usb-c-to-lightning-cable/index.html                                                        0.94 kB │ gzip:   0.44 kB
dist/product-page/com1-monitor-msi-mpg341cqr-qd-oled-x36/index.html                                                              0.95 kB │ gzip:   0.46 kB
dist/product-page/repairdesk-accessory-11201-wekome-desktop-phone-holder/index.html                                              0.95 kB │ gzip:   0.43 kB
dist/product-page/dualsense-wireless-controller-gray-camouflage/index.html                                                       0.95 kB │ gzip:   0.42 kB
dist/product-page/wekome-wdc-c33-1-2m-usb-c-to-lightning-cable-copy/index.html                                                   0.96 kB │ gzip:   0.44 kB
dist/product-page/wireless-dongle-for-carplay-or-android-auto-m29/index.html                                                     0.96 kB │ gzip:   0.43 kB
dist/product-page/repairdesk-misc-10856-magsafe-silicone-phone-grip-pink/index.html                                              0.96 kB │ gzip:   0.43 kB
dist/product-page/repairdesk-accessory-11070-aux-wekome-yb03-wired-earphone/index.html                                           0.97 kB │ gzip:   0.43 kB
dist/product-page/repairdesk-misc-10854-magsafe-silicone-phone-grip-black/index.html                                             0.97 kB │ gzip:   0.43 kB
dist/product-page/repairdesk-misc-7144-adhesive-silicone-card-holder-pink/index.html                                             0.97 kB │ gzip:   0.43 kB
dist/product-page/repairdesk-misc-7145-adhesive-silicone-card-holder-blue/index.html                                             0.97 kB │ gzip:   0.43 kB
dist/product-page/wekome-66w-wdc-59a-type-c-usb-charging-data-cable/index.html                                                   0.97 kB │ gzip:   0.44 kB
dist/product-page/repairdesk-misc-10857-magsafe-silicone-phone-grip-purple/index.html                                            0.97 kB │ gzip:   0.43 kB
dist/product-page/repairdesk-misc-7148-adhesive-silicone-card-holder-black/index.html                                            0.98 kB │ gzip:   0.43 kB
dist/product-page/repairdesk-misc-7147-adhesive-silicone-card-holder-green/index.html                                            0.98 kB │ gzip:   0.43 kB
dist/product-page/repairdesk-accessory-10989-c141-desktop-mobile-phone-holder/index.html                                         0.98 kB │ gzip:   0.43 kB
dist/product-page/repairdesk-accessory-11069-usb-c-wekome-yb03-wired-earphone/index.html                                         0.98 kB │ gzip:   0.44 kB
dist/product-page/wekome-gray-wdc-51-240w-4-in-1-fast-charging-cable/index.html                                                  0.98 kB │ gzip:   0.44 kB
dist/product-page/dualsense-wireless-controller-playstation-5-white/index.html                                                   0.98 kB │ gzip:   0.43 kB
dist/product-page/repairdesk-accessory-9368-2m-stand-selfie-live-stream-stand/index.html                                         0.98 kB │ gzip:   0.43 kB
dist/product-page/repairdesk-misc-7146-adhesive-silicone-card-holder-yellow/index.html                                           0.98 kB │ gzip:   0.43 kB
dist/product-page/cw01-20-5w-desktop-magnetic-3-in-1-wireless-charger/index.html                                                 0.98 kB │ gzip:   0.43 kB
dist/product-page/wekome-wdc-61-lighting-to-typec-charging-data-cable/index.html                                                 0.98 kB │ gzip:   0.44 kB
dist/product-page/repairdesk-misc-10855-magsafe-silicone-phone-grip-sky-blue/index.html                                          0.99 kB │ gzip:   0.44 kB
dist/product-page/remax-rpp-23-10000mah-fast-charging-power-bank-black/index.html                                                0.99 kB │ gzip:   0.44 kB
dist/product-page/remax-rpp-23-10000mah-fast-charging-power-bank-white/index.html                                                0.99 kB │ gzip:   0.44 kB
dist/product-page/remax-rpp-26-20000mah-fast-charging-power-bank-black/index.html                                                0.99 kB │ gzip:   0.44 kB
dist/product-page/remax-rpp-26-20000mah-fast-charging-power-bank-white/index.html                                                0.99 kB │ gzip:   0.44 kB
dist/product-page/repairdesk-accessory-10266-remax-portable-mini-handheld-fan-f34/index.html                                     1.00 kB │ gzip:   0.44 kB
dist/product-page/repairdesk-accessory-6181-remax-alien-series-phone-holder-green/index.html                                     1.00 kB │ gzip:   0.43 kB
dist/product-page/repairdesk-accessory-10383-wekome-yb06-wired-earphone-aux-in-ear/index.html                                    1.01 kB │ gzip:   0.45 kB
dist/product-page/dualsense-wireless-controller-cosmic-red-playstation-5/index.html                                              1.01 kB │ gzip:   0.44 kB
dist/product-page/repairdesk-accessory-6553-remax-p12-multifunctional-selfie-stick/index.html                                    1.01 kB │ gzip:   0.44 kB
dist/product-page/copy-of-dualsense-wireless-controller-playstation-5-black/index.html                                           1.01 kB │ gzip:   0.44 kB
dist/product-page/repairdesk-accessory-10924-remax-p10-multifunctional-selfie-stick/index.html                                   1.01 kB │ gzip:   0.44 kB
dist/product-page/repairdesk-accessory-6771-black-aluminium-adjustable-laptop-stand/index.html                                   1.02 kB │ gzip:   0.44 kB
dist/product-page/repairdesk-accessory-6770-silver-aluminium-adjustable-laptop-stand/index.html                                  1.02 kB │ gzip:   0.44 kB
dist/product-page/new-87w-usb-c-macbook-charger-iphone-charger-with-cable-six-months-warranty/index.html                         1.03 kB │ gzip:   0.44 kB
dist/product-page/new-45w-magsafe-2-power-adapter-for-macbook-air-six-months-warranty/index.html                                 1.03 kB │ gzip:   0.45 kB
dist/product-page/repairdesk-accessory-11139-remax-selfie-stick-holder-with-lights-p60/index.html                                1.03 kB │ gzip:   0.44 kB
dist/product-page/wekome-wdc-123a-u-type-c-kinkong-raycor-fast-charging-cable/index.html                                         1.03 kB │ gzip:   0.45 kB
dist/product-page/wekome-wp-59-10000-mah-power-bank-22-5w-super-fast-charging/index.html                                         1.03 kB │ gzip:   0.45 kB
dist/product-page/wekome-wp-59-20000-mah-power-bank-22-5w-super-fast-charging/index.html                                         1.03 kB │ gzip:   0.45 kB
dist/product-page/repairdesk-accessory-10743-wekome-yb10-wired-earphone-lighting-in-ear/index.html                               1.04 kB │ gzip:   0.45 kB
dist/product-page/repairdesk-accessory-10744-wekome-yb09-wired-earphone-lighting-on-ear/index.html                               1.04 kB │ gzip:   0.45 kB
dist/product-page/dualsense-wireless-controller-sterling-silver-playstation-5/index.html                                         1.04 kB │ gzip:   0.44 kB
dist/product-page/remax-cozybuds-w29-clip-on-bluetooth-wireless-earbuds-black/index.html                                         1.04 kB │ gzip:   0.45 kB
dist/product-page/wk-d45-10w-dual-speaker-transparent-mecha-bluetooth-speaker-b/index.html                                       1.04 kB │ gzip:   0.44 kB
dist/product-page/wk-d45-10w-dual-speaker-transparent-mecha-bluetooth-speaker-w/index.html                                       1.04 kB │ gzip:   0.44 kB
dist/product-page/wekome-wdc-123i-u-lighting-kinkong-raycor-fast-charging-cable/index.html                                       1.05 kB │ gzip:   0.45 kB
dist/product-page/new-61w-usb-c-macbook-charger-iphone-charger-with-cable-six-months-warranty/index.html                         1.05 kB │ gzip:   0.44 kB
dist/product-page/new-30w-usb-c-macbook-charger-iphone-charger-with-cable-six-months-warranty/index.html                         1.05 kB │ gzip:   0.44 kB
dist/product-page/brand-new-85w-magsafe-1-power-adapter-for-macbook-pro-six-months-warranty/index.html                           1.06 kB │ gzip:   0.45 kB
dist/product-page/wp-70-10000mah-3-in-1-magnetic-wireless-fast-charging-power-bank/index.html                                    1.06 kB │ gzip:   0.45 kB
dist/product-page/wp-112-5000mah-3-in-1-magnetic-wireless-fast-charging-power-bank/index.html                                    1.06 kB │ gzip:   0.45 kB
dist/product-page/155w-gan-usb-c-wall-charger-quick-6-ports-type-c-pd-fast-charging/index.html                                   1.07 kB │ gzip:   0.46 kB
dist/product-page/wk-beluga-d13-outdoor-waterproof-portable-bluetooth-speaker-black/index.html                                   1.07 kB │ gzip:   0.45 kB
dist/product-page/brand-new-60w-magsafe-1-power-adapter-for-macbook-air-and-macbook-pro/index.html                               1.07 kB │ gzip:   0.45 kB
dist/product-page/this-is-the-name-of-your-product-your-product-name-can-include-letters-numbers-and-symbols/index.html          1.08 kB │ gzip:   0.44 kB
dist/product-page/remax-rpp-657-rallaen-series-10000mah-fast-charging-power-bank-black/index.html                                1.09 kB │ gzip:   0.46 kB
dist/product-page/remax-rpp-657-rallaen-series-10000mah-fast-charging-power-bank-white/index.html                                1.09 kB │ gzip:   0.46 kB
dist/product-page/copy-of-brand-new-45w-magsafe-1-power-adapter-for-macbook-air-six-months-warranty/index.html                   1.09 kB │ gzip:   0.46 kB
dist/product-page/repairdesk-accessory-10267-remax-f23-icying-series-bladeless-neckband-fan-white/index.html                     1.10 kB │ gzip:   0.46 kB
dist/product-page/60w-magsafe-2-power-adapter-macbook-pro-with-13-inch-retina-display-six-mont/index.html                        1.10 kB │ gzip:   0.46 kB
dist/product-page/85w-magsafe-2-power-adapter-for-macbook-pro-with-retina-display-six-months-wa/index.html                       1.11 kB │ gzip:   0.46 kB
dist/product-page/remax-20-5w-metal-foldable-rotatable-magnetic-3-in-1-wireless-charger-cw05/index.html                          1.12 kB │ gzip:   0.46 kB
dist/product-page/remax-rpp-658-rellaen-series-20000mah-fast-charging-power-bank-2-4a-white/index.html                           1.12 kB │ gzip:   0.47 kB
dist/product-page/remax-fcp-2-20000mah-power-bank-20w-pd-22-5w-qc-fast-charging-built-in-cables-white/index.html                 1.18 kB │ gzip:   0.49 kB
dist/product-page/remax-fcp-2-20000mah-power-bank-20w-pd-22-5w-qc-fast-charging-built-in-cables-black/index.html                 1.18 kB │ gzip:   0.49 kB
dist/product-page/remax-fcp-1-22-5w-power-bank-10000mah-fast-charging-10000-mah-powerbank-with-cable-black/index.html            1.21 kB │ gzip:   0.48 kB
dist/product-page/remax-fcp-1-22-5w-power-bank-10000mah-fast-charging-10000-mah-powerbank-with-cable-white/index.html            1.21 kB │ gzip:   0.48 kB
dist/product-page/remax-rp-w87-22-5w-4-in-1-multifunctional-night-lamp-and-folding-holder-wireless-charger/index.html            1.21 kB │ gzip:   0.47 kB
dist/product-page/remax-rp-w85-wch-zunya-series-20-5w-aluminum-alloy-3-in-1-magnetic-holder-and-wireless-charger/index.html      1.24 kB │ gzip:   0.49 kB
dist/assets/logo-ZBqpST9i.svg                                                                                                    1.89 kB │ gzip:   0.83 kB
dist/admin/login.html                                                                                                            1.97 kB │ gzip:   0.84 kB
dist/zip.html                                                                                                                    2.33 kB │ gzip:   0.97 kB
dist/404.html                                                                                                                    2.46 kB │ gzip:   1.02 kB
dist/product.html                                                                                                                3.38 kB │ gzip:   1.22 kB
dist/my-orders.html                                                                                                              3.43 kB │ gzip:   1.25 kB
dist/my-repairs.html                                                                                                             3.46 kB │ gzip:   1.26 kB
dist/category.html                                                                                                               4.12 kB │ gzip:   1.38 kB
dist/checkout-success.html                                                                                                       4.75 kB │ gzip:   1.58 kB
dist/products/repairdesk-computer-11064-t-wold-s3-speaker/index.html                                                             6.17 kB │ gzip:   2.09 kB
dist/products/repairdesk-misc-8483-drone-map/index.html                                                                          6.19 kB │ gzip:   2.09 kB
dist/products/repairdesk-misc-8974-card-strap-holder/index.html                                                                  6.24 kB │ gzip:   2.08 kB
dist/products/repairdesk-accessory-6031-stander/index.html                                                                       6.24 kB │ gzip:   2.10 kB
dist/products/repairdesk-misc-8411-phone-lanyard-strap/index.html                                                                6.26 kB │ gzip:   2.09 kB
dist/category/uncategorized--uncategorized/index.html                                                                            6.26 kB │ gzip:   1.96 kB
dist/products/repairdesk-accessory-10265-remax-f37-usb-fan/index.html                                                            6.27 kB │ gzip:   2.12 kB
dist/products/techm8-everyday-accessory/index.html                                                                               6.27 kB │ gzip:   2.15 kB
dist/products/repairdesk-misc-8412-phone-strap-adapter-patch/index.html                                                          6.36 kB │ gzip:   2.10 kB
dist/products/repairdesk-accessory-8867-2m-stand-8809/index.html                                                                 6.37 kB │ gzip:   2.13 kB
dist/products/tm8-car-8154/index.html                                                                                            6.38 kB │ gzip:   2.14 kB
dist/products/repairdesk-accessory-6771-black-aluminium-adjustable-laptop-stand/index.html                                       6.45 kB │ gzip:   2.12 kB
dist/products/tm8-car-10362/index.html                                                                                           6.46 kB │ gzip:   2.15 kB
dist/products/repairdesk-accessory-6770-silver-aluminium-adjustable-laptop-stand/index.html                                      6.46 kB │ gzip:   2.12 kB
dist/products/repairdesk-accessory-10264-remax-rm-c60-phone-stand/index.html                                                     6.46 kB │ gzip:   2.13 kB
dist/products/repairdesk-accessory-10266-remax-portable-mini-handheld-fan-f34/index.html                                         6.47 kB │ gzip:   2.14 kB
dist/products/repairdesk-accessory-11201-wekome-desktop-phone-holder/index.html                                                  6.49 kB │ gzip:   2.13 kB
dist/products/repairdesk-misc-8039-magsafe-card-wallet-red/index.html                                                            6.51 kB │ gzip:   2.13 kB
dist/products/tm8-car-9977/index.html                                                                                            6.52 kB │ gzip:   2.16 kB
dist/products/repairdesk-misc-8036-magsafe-card-wallet-brown/index.html                                                          6.53 kB │ gzip:   2.13 kB
dist/products/repairdesk-accessory-6181-remax-alien-series-phone-holder-green/index.html                                         6.53 kB │ gzip:   2.14 kB
dist/products/repairdesk-misc-8041-magsafe-card-wallet-navy/index.html                                                           6.54 kB │ gzip:   2.13 kB
dist/products/repairdesk-misc-8038-magsafe-card-wallet-green/index.html                                                          6.55 kB │ gzip:   2.13 kB
dist/products/tm8-car-6660/index.html                                                                                            6.55 kB │ gzip:   2.15 kB
dist/products/tm8-car-9976/index.html                                                                                            6.55 kB │ gzip:   2.17 kB
dist/products/repairdesk-accessory-10989-c141-desktop-mobile-phone-holder/index.html                                             6.56 kB │ gzip:   2.15 kB
dist/products/repairdesk-misc-8040-magsafe-card-wallet-orange/index.html                                                         6.56 kB │ gzip:   2.13 kB
dist/products/repairdesk-accessory-11070-aux-wekome-yb03-wired-earphone/index.html                                               6.57 kB │ gzip:   2.14 kB
dist/category/other-electronics--drones-and-accessories/index.html                                                               6.58 kB │ gzip:   2.10 kB
dist/products/repairdesk-accessory-11069-usb-c-wekome-yb03-wired-earphone/index.html                                             6.60 kB │ gzip:   2.14 kB
dist/products/wekome-yb06-wired-earphone-usb-c-in-ear/index.html                                                                 6.61 kB │ gzip:   2.14 kB
dist/products/repairdesk-accessory-6553-remax-p12-multifunctional-selfie-stick/index.html                                        6.61 kB │ gzip:   2.14 kB
dist/products/repairdesk-misc-10888-magsafe-stand-wallet-black/index.html                                                        6.62 kB │ gzip:   2.15 kB
dist/products/repairdesk-misc-10852-magsafe-multi-wallet-black/index.html                                                        6.63 kB │ gzip:   2.15 kB
dist/products/repairdesk-accessory-9368-2m-stand-selfie-live-stream-stand/index.html                                             6.64 kB │ gzip:   2.15 kB
dist/products/repairdesk-accessory-10383-wekome-yb06-wired-earphone-aux-in-ear/index.html                                        6.64 kB │ gzip:   2.15 kB
dist/products/repairdesk-misc-7144-adhesive-silicone-card-holder-pink/index.html                                                 6.64 kB │ gzip:   2.14 kB
dist/products/repairdesk-misc-7145-adhesive-silicone-card-holder-blue/index.html                                                 6.64 kB │ gzip:   2.14 kB
dist/products/repairdesk-misc-7147-adhesive-silicone-card-holder-green/index.html                                                6.65 kB │ gzip:   2.14 kB
dist/products/repairdesk-misc-7148-adhesive-silicone-card-holder-black/index.html                                                6.65 kB │ gzip:   2.14 kB
dist/products/repairdesk-accessory-10267-remax-f23-icying-series-bladeless-neckband-fan-white/index.html                         6.66 kB │ gzip:   2.16 kB
dist/products/repairdesk-misc-7146-adhesive-silicone-card-holder-yellow/index.html                                               6.67 kB │ gzip:   2.14 kB
dist/products/tm8-car-11126/index.html                                                                                           6.67 kB │ gzip:   2.17 kB
dist/products/repairdesk-accessory-10924-remax-p10-multifunctional-selfie-stick/index.html                                       6.67 kB │ gzip:   2.14 kB
dist/products/repairdesk-misc-10851-magsafe-multi-wallet-grey/index.html                                                         6.67 kB │ gzip:   2.16 kB
dist/products/repairdesk-misc-10853-magsafe-multi-wallet-brown/index.html                                                        6.69 kB │ gzip:   2.16 kB
dist/products/repairdesk-accessory-10743-wekome-yb10-wired-earphone-lighting-in-ear/index.html                                   6.70 kB │ gzip:   2.15 kB
dist/products/repairdesk-accessory-10744-wekome-yb09-wired-earphone-lighting-on-ear/index.html                                   6.70 kB │ gzip:   2.15 kB
dist/products/repairdesk-accessory-11139-remax-selfie-stick-holder-with-lights-p60/index.html                                    6.71 kB │ gzip:   2.16 kB
dist/products/repairdesk-misc-10856-magsafe-silicone-phone-grip-pink/index.html                                                  6.71 kB │ gzip:   2.16 kB
dist/products/repairdesk-misc-10854-magsafe-silicone-phone-grip-black/index.html                                                 6.78 kB │ gzip:   2.18 kB
dist/products/repairdesk-misc-10857-magsafe-silicone-phone-grip-purple/index.html                                                6.79 kB │ gzip:   2.17 kB
dist/products/repairdesk-misc-10855-magsafe-silicone-phone-grip-sky-blue/index.html                                              6.81 kB │ gzip:   2.18 kB
dist/completed-orders.html                                                                                                       6.84 kB │ gzip:   2.01 kB
dist/pending-orders.html                                                                                                         7.21 kB │ gzip:   2.10 kB
dist/cart.html                                                                                                                   7.30 kB │ gzip:   2.01 kB
dist/category/mounts-and-holders--laptop-stands/index.html                                                                       7.33 kB │ gzip:   2.14 kB
dist/repair-bookings.html                                                                                                        7.37 kB │ gzip:   2.13 kB
dist/warranty-returns.html                                                                                                       7.45 kB │ gzip:   2.19 kB
dist/category/other-electronics--personal-fans/index.html                                                                        8.07 kB │ gzip:   2.29 kB
dist/dualsense-tester.html                                                                                                       8.28 kB │ gzip:   2.03 kB
dist/category/computer-and-gaming--pc-components/index.html                                                                      8.39 kB │ gzip:   2.48 kB
dist/products/this-is-the-name-of-your-product-your-product-name-can-include-letters-numbers-and-symbols/index.html              8.58 kB │ gzip:   2.43 kB
dist/forgot-password.html                                                                                                        8.61 kB │ gzip:   2.44 kB
dist/assets/sony-BFv34s0V.png                                                                                                    8.77 kB
dist/products/wekome-wp-80-magsafe-5000mah-power-bank/index.html                                                                 8.92 kB │ gzip:   2.25 kB
dist/products/wekome-wp-81-magsafe-10000mah-power-bank/index.html                                                                8.96 kB │ gzip:   2.25 kB
dist/category/mounts-and-holders--phone-and-tablet-stands/index.html                                                             9.55 kB │ gzip:   2.39 kB
dist/delivery-address.html                                                                                                       9.61 kB │ gzip:   2.46 kB
dist/category/mounts-and-holders--selfie-sticks-and-live-stands/index.html                                                       9.70 kB │ gzip:   2.39 kB
dist/blog.html                                                                                                                   9.98 kB │ gzip:   2.76 kB
dist/category/charging-and-power--car-chargers/index.html                                                                       10.05 kB │ gzip:   2.55 kB
dist/category/cables-and-adapters--car-connectivity/index.html                                                                  10.15 kB │ gzip:   2.63 kB
dist/reset-password.html                                                                                                        10.23 kB │ gzip:   2.54 kB
dist/products/tm8-car-6989/index.html                                                                                           10.31 kB │ gzip:   2.97 kB
dist/products/tm8-car-6576/index.html                                                                                           10.35 kB │ gzip:   2.98 kB
dist/products/tm8-car-6580/index.html                                                                                           10.35 kB │ gzip:   2.97 kB
dist/products/tm8-car-6606/index.html                                                                                           10.47 kB │ gzip:   2.98 kB
dist/category/audio--wired-earphones-and-headphones/index.html                                                                  10.49 kB │ gzip:   2.41 kB
dist/products/tm8-cch-7152/index.html                                                                                           10.51 kB │ gzip:   2.96 kB
dist/products/tm8-car-6671/index.html                                                                                           10.51 kB │ gzip:   2.98 kB
dist/assets/samsung-D6jitIhH.png                                                                                                10.51 kB
dist/products/tm8-cch-9322/index.html                                                                                           10.56 kB │ gzip:   2.98 kB
dist/products/tm8-cch-7150/index.html                                                                                           10.56 kB │ gzip:   2.97 kB
dist/products/tm8-cch-7151/index.html                                                                                           10.56 kB │ gzip:   2.97 kB
dist/products/tm8-car-8866/index.html                                                                                           10.57 kB │ gzip:   2.96 kB
dist/products/tm8-car-10834/index.html                                                                                          10.58 kB │ gzip:   2.99 kB
dist/products/tm8-car-6659/index.html                                                                                           10.59 kB │ gzip:   2.99 kB
dist/products/tm8-car-6034/index.html                                                                                           10.64 kB │ gzip:   3.00 kB
dist/products/tm8-cch-6575/index.html                                                                                           10.65 kB │ gzip:   2.98 kB
dist/products/tm8-cch-7588/index.html                                                                                           10.65 kB │ gzip:   2.99 kB
dist/account-dashboard.html                                                                                                     10.70 kB │ gzip:   2.70 kB
dist/products/tm8-car-10742/index.html                                                                                          10.75 kB │ gzip:   3.01 kB
dist/blog/why-phone-battery-drains-fast.html                                                                                    10.79 kB │ gzip:   3.50 kB
dist/products/100w-wall-charger/index.html                                                                                      10.83 kB │ gzip:   2.95 kB
dist/products/3-usb-wall-charger/index.html                                                                                     10.88 kB │ gzip:   2.97 kB
dist/account-details.html                                                                                                       10.98 kB │ gzip:   2.77 kB
dist/products/1m-ultra-tough-micro-usb-cable/index.html                                                                         11.35 kB │ gzip:   3.03 kB
dist/products/c34-fm-transmitter/index.html                                                                                     11.35 kB │ gzip:   3.03 kB
dist/products/3-in-1-cabin-crew-charging-cable/index.html                                                                       11.42 kB │ gzip:   2.99 kB
dist/products/remax-rb-m62-speaker/index.html                                                                                   11.52 kB │ gzip:   3.07 kB
dist/products/1m-ultra-tough-type-c-to-type-c-cable/index.html                                                                  11.57 kB │ gzip:   3.03 kB
dist/products/ds15-2-in-1wireless-charger/index.html                                                                            11.64 kB │ gzip:   3.02 kB
dist/products/1m-ultra-tough-type-c-to-lightning-cable/index.html                                                               11.68 kB │ gzip:   3.02 kB
dist/products/remax-g6-wireless-gamebubs/index.html                                                                             11.76 kB │ gzip:   3.07 kB
dist/assets/apple-BrxfrBeA.png                                                                                                  11.85 kB
dist/products/remax-tws-43-wireless-earbuds/index.html                                                                          11.85 kB │ gzip:   3.06 kB
dist/repair-services/tablets/other.html                                                                                         11.93 kB │ gzip:   3.38 kB
dist/products/remax-rb-m8-wireless-speaker/index.html                                                                           11.98 kB │ gzip:   3.08 kB
dist/products/wekome-wp-c64-car-charger/index.html                                                                              12.01 kB │ gzip:   3.12 kB
dist/products/remax-2-4a-universal-travel-adaptor-rp-u23/index.html                                                             12.07 kB │ gzip:   3.10 kB
dist/repair-services/phones/huawei.html                                                                                         12.08 kB │ gzip:   3.41 kB
dist/products/remax-pd-bt533n-pro-wireless-earbuds/index.html                                                                   12.11 kB │ gzip:   3.08 kB
dist/products/ca69-ca112-apple-watch-magnetic-charger/index.html                                                                12.13 kB │ gzip:   3.07 kB
dist/repair-services/phones/google.html                                                                                         12.13 kB │ gzip:   3.41 kB
dist/repair-services/computers/small-pc.html                                                                                    12.14 kB │ gzip:   3.40 kB
dist/repair-services/computers/pc-tower.html                                                                                    12.14 kB │ gzip:   3.40 kB
dist/products/wekome-wp-u99-magsafe-wirless-charger/index.html                                                                  12.15 kB │ gzip:   3.09 kB
dist/repair-services/phones/oneplus.html                                                                                        12.17 kB │ gzip:   3.42 kB
dist/repair-services/phones/oppo.html                                                                                           12.17 kB │ gzip:   3.43 kB
dist/repair-services/phones/xiaomi.html                                                                                         12.18 kB │ gzip:   3.41 kB
dist/register.html                                                                                                              12.19 kB │ gzip:   2.96 kB
dist/category/computer-and-gaming--consoles-and-controllers/index.html                                                          12.21 kB │ gzip:   2.68 kB
dist/products/wekome-wk-wd-03-mini-karaoke-speaker-b/index.html                                                                 12.22 kB │ gzip:   3.09 kB
dist/products/wekome-wk-wd-03-mini-karaoke-speaker-w/index.html                                                                 12.22 kB │ gzip:   3.09 kB
dist/repair-services/computers/all-in-one.html                                                                                  12.26 kB │ gzip:   3.38 kB
dist/repair-services/phones/others.html                                                                                         12.28 kB │ gzip:   3.41 kB
dist/repair-services/computers/laptop.html                                                                                      12.33 kB │ gzip:   3.43 kB
dist/products/wekome-wdc-60-type-c-c-charging-data-cable/index.html                                                             12.39 kB │ gzip:   3.11 kB
dist/products/wireless-dongle-for-carplay-or-android-auto-m29/index.html                                                        12.40 kB │ gzip:   3.09 kB
dist/products/c28-fm-transmitter/index.html                                                                                     12.47 kB │ gzip:   3.11 kB
dist/products/45w-dual-type-c-fast-wall-charger/index.html                                                                      12.48 kB │ gzip:   3.08 kB
dist/products/remax-rpp-622-10000mah-power-bank/index.html                                                                      12.52 kB │ gzip:   3.08 kB
dist/products/new-87w-usb-c-macbook-charger-iphone-charger-with-cable-six-months-warranty/index.html                            12.55 kB │ gzip:   3.27 kB
dist/products/remax-rpp-623-power-bank-20000-mah/index.html                                                                     12.56 kB │ gzip:   3.07 kB
dist/products/wekome-66w-wdc-59a-type-c-usb-charging-data-cable/index.html                                                      12.65 kB │ gzip:   3.12 kB
dist/products/wekome-wdc-c33-1-2m-usb-c-to-lightning-cable/index.html                                                           12.66 kB │ gzip:   3.13 kB
dist/products/wk-d45-10w-dual-speaker-transparent-mecha-bluetooth-speaker-w/index.html                                          12.69 kB │ gzip:   3.09 kB
dist/products/wekome-wdc-61-lighting-to-typec-charging-data-cable/index.html                                                    12.72 kB │ gzip:   3.12 kB
dist/products/cw01-20-5w-desktop-magnetic-3-in-1-wireless-charger/index.html                                                    12.81 kB │ gzip:   3.14 kB
dist/assets/banner-home-iphone18-pro-v2-480-leRbS1uE.webp                                                                       12.81 kB
dist/products/wekome-wp-c53-car-charger/index.html                                                                              12.83 kB │ gzip:   3.19 kB
dist/assets/logo-techm8-512-BFtvwUrf.webp                                                                                       13.01 kB
dist/products/wekome-wdc-123a-u-type-c-kinkong-raycor-fast-charging-cable/index.html                                            13.02 kB │ gzip:   3.14 kB
dist/products/wekome-wp-c54-car-charger/index.html                                                                              13.02 kB │ gzip:   3.20 kB
dist/products/remax-cozybuds-w29-clip-on-bluetooth-wireless-earbuds-black/index.html                                            13.02 kB │ gzip:   3.12 kB
dist/category/charging-and-power--wall-chargers/index.html                                                                      13.03 kB │ gzip:   2.93 kB
dist/products/wekome-wdc-123i-u-lighting-kinkong-raycor-fast-charging-cable/index.html                                          13.10 kB │ gzip:   3.15 kB
dist/products/remax-20-5w-metal-foldable-rotatable-magnetic-3-in-1-wireless-charger-cw05/index.html                             13.12 kB │ gzip:   3.11 kB
dist/category/other-products/index.html                                                                                         13.29 kB │ gzip:   2.76 kB
dist/category/audio--wireless-earbuds-and-headphones/index.html                                                                 13.34 kB │ gzip:   2.88 kB
dist/products/wekome-wireless-charger-wp-u172/index.html                                                                        13.46 kB │ gzip:   3.21 kB
dist/assets/google-BC-ZWNTt.png                                                                                                 13.50 kB
dist/products/new-45w-magsafe-2-power-adapter-for-macbook-air-six-months-warranty/index.html                                    13.54 kB │ gzip:   3.30 kB
dist/products/wekome-wp-59-10000-mah-power-bank-22-5w-super-fast-charging/index.html                                            13.64 kB │ gzip:   3.11 kB
dist/products/wekome-wp-59-20000-mah-power-bank-22-5w-super-fast-charging/index.html                                            13.65 kB │ gzip:   3.11 kB
dist/products/155w-gan-usb-c-wall-charger-quick-6-ports-type-c-pd-fast-charging/index.html                                      13.77 kB │ gzip:   3.16 kB
dist/products/brand-new-85w-magsafe-1-power-adapter-for-macbook-pro-six-months-warranty/index.html                              13.87 kB │ gzip:   3.34 kB
dist/products/brand-new-60w-magsafe-1-power-adapter-for-macbook-air-and-macbook-pro/index.html                                  13.88 kB │ gzip:   3.34 kB
dist/products/wk-beluga-d13-outdoor-waterproof-portable-bluetooth-speaker-black/index.html                                      13.88 kB │ gzip:   3.16 kB
dist/products/com1-monitor-lg-i27ms500-b/index.html                                                                             13.89 kB │ gzip:   3.69 kB
dist/products/remax-rp-w85-wch-zunya-series-20-5w-aluminum-alloy-3-in-1-magnetic-holder-and-wireless-charger/index.html         13.91 kB │ gzip:   3.17 kB
dist/products/wekome-wdc-50-240w-charging-cable/index.html                                                                      13.93 kB │ gzip:   3.24 kB
dist/products/85w-magsafe-2-power-adapter-for-macbook-pro-with-retina-display-six-months-wa/index.html                          13.94 kB │ gzip:   3.31 kB
dist/products/remax-rp-w87-22-5w-4-in-1-multifunctional-night-lamp-and-folding-holder-wireless-charger/index.html               13.94 kB │ gzip:   3.23 kB
dist/products/new-61w-usb-c-macbook-charger-iphone-charger-with-cable-six-months-warranty/index.html                            13.97 kB │ gzip:   3.41 kB
dist/account.html                                                                                                               14.08 kB │ gzip:   3.79 kB
dist/category/mounts-and-holders--wallets-card-holders-and-grips/index.html                                                     14.10 kB │ gzip:   2.59 kB
dist/products/wp-112-5000mah-3-in-1-magnetic-wireless-fast-charging-power-bank/index.html                                       14.17 kB │ gzip:   3.12 kB
dist/products/60w-magsafe-2-power-adapter-macbook-pro-with-13-inch-retina-display-six-mont/index.html                           14.19 kB │ gzip:   3.37 kB
dist/products/remax-pd-bt230-bt260-wireless-earbuds/index.html                                                                  14.29 kB │ gzip:   3.38 kB
dist/products/wekome-wp-101-10000mah-power-bank/index.html                                                                      14.64 kB │ gzip:   3.15 kB
dist/products/remax-rpp-657-rallaen-series-10000mah-fast-charging-power-bank-black/index.html                                   14.66 kB │ gzip:   3.14 kB
dist/products/remax-rpp-657-rallaen-series-10000mah-fast-charging-power-bank-white/index.html                                   14.66 kB │ gzip:   3.15 kB
dist/products/wekome-gray-wdc-51-240w-4-in-1-fast-charging-cable/index.html                                                     14.69 kB │ gzip:   3.26 kB
dist/products/new-30w-usb-c-macbook-charger-iphone-charger-with-cable-six-months-warranty/index.html                            14.74 kB │ gzip:   3.48 kB
dist/business-services/on-site-tech-services.html                                                                               14.87 kB │ gzip:   3.33 kB
dist/products/wk-v04-wireless-earbuds/index.html                                                                                14.91 kB │ gzip:   3.72 kB
dist/category/audio--speakers/index.html                                                                                        15.01 kB │ gzip:   3.08 kB
dist/business-services.html                                                                                                     15.02 kB │ gzip:   3.35 kB
dist/products/com1-monitor-msi-mp251e14l/index.html                                                                             15.14 kB │ gzip:   3.93 kB
dist/products/remax-fcp-2-20000mah-power-bank-20w-pd-22-5w-qc-fast-charging-built-in-cables-black/index.html                    15.22 kB │ gzip:   3.19 kB
dist/products/remax-fcp-2-20000mah-power-bank-20w-pd-22-5w-qc-fast-charging-built-in-cables-white/index.html                    15.22 kB │ gzip:   3.18 kB
dist/products/remax-fcp-1-22-5w-power-bank-10000mah-fast-charging-10000-mah-powerbank-with-cable-black/index.html               15.44 kB │ gzip:   3.19 kB
dist/products/remax-fcp-1-22-5w-power-bank-10000mah-fast-charging-10000-mah-powerbank-with-cable-white/index.html               15.44 kB │ gzip:   3.19 kB
dist/products/remax-rpp-658-rellaen-series-20000mah-fast-charging-power-bank-2-4a-white/index.html                              15.49 kB │ gzip:   3.17 kB
dist/business-services/business-it-device-support.html                                                                          15.50 kB │ gzip:   3.35 kB
dist/repair-services/tablets/samsung.html                                                                                       15.61 kB │ gzip:   3.81 kB
dist/products/wk-d45-10w-dual-speaker-transparent-mecha-bluetooth-speaker-b/index.html                                          15.67 kB │ gzip:   3.25 kB
dist/products/remax-rpp-26-20000mah-fast-charging-power-bank-black/index.html                                                   15.77 kB │ gzip:   3.59 kB
dist/products/remax-rpp-26-20000mah-fast-charging-power-bank-white/index.html                                                   15.77 kB │ gzip:   3.59 kB
dist/products/dualsense-wireless-controller-cosmic-red-playstation-5/index.html                                                 15.99 kB │ gzip:   4.03 kB
dist/category/charging-and-power--wireless-chargers/index.html                                                                  16.06 kB │ gzip:   3.18 kB
dist/assets/ipad-repair-hero-main-DNfjgn0_.webp                                                                                 16.12 kB
dist/products/remax-rpp-23-10000mah-fast-charging-power-bank-white/index.html                                                   16.22 kB │ gzip:   3.61 kB
dist/products/remax-rpp-23-10000mah-fast-charging-power-bank-black/index.html                                                   16.22 kB │ gzip:   3.61 kB
dist/assets/ios26-media-purchases-sign-out-redacted-BPu68DmJ.webp                                                               16.25 kB
dist/products/dualsense-wireless-controller-gray-camouflage/index.html                                                          16.72 kB │ gzip:   4.06 kB
dist/category/charging-and-power--laptop-chargers/index.html                                                                    16.73 kB │ gzip:   2.95 kB
dist/shop.html                                                                                                                  16.82 kB │ gzip:   3.85 kB
dist/assets/oppo-lH7uTV8w.ico                                                                                                   16.96 kB
dist/products.html                                                                                                              17.02 kB │ gzip:   4.19 kB
dist/assets/xiaomi-C0P0tva4.png                                                                                                 17.05 kB
dist/products/dualsense-wireless-controller-sterling-silver-playstation-5/index.html                                            17.34 kB │ gzip:   4.07 kB
dist/products/dualsense-wireless-controller-playstation-5-white/index.html                                                      17.37 kB │ gzip:   4.08 kB
dist/assets/ios26-apple-account-settings-redacted-CNV2dICQ.webp                                                                 17.53 kB
dist/stores.html                                                                                                                17.82 kB │ gzip:   3.77 kB
dist/stores/brassall.html                                                                                                       18.88 kB │ gzip:   4.57 kB
dist/category/mounts-and-holders--vehicle-mounts/index.html                                                                     19.06 kB │ gzip:   3.20 kB
dist/category/cables-and-adapters--charging-and-data-cables/index.html                                                          19.70 kB │ gzip:   3.35 kB
dist/repair-services/phones/apple.html                                                                                          20.10 kB │ gzip:   4.69 kB
dist/products/wp-70-10000mah-3-in-1-magnetic-wireless-fast-charging-power-bank/index.html                                       20.18 kB │ gzip:   3.77 kB
dist/products/com1-monitor-msi-mp273u/index.html                                                                                20.77 kB │ gzip:   4.99 kB
dist/book-repair.html                                                                                                           21.08 kB │ gzip:   4.94 kB
dist/products/msi-mag-coreliquid-a13-240-liquid-cooler/index.html                                                               21.62 kB │ gzip:   4.05 kB
dist/business-services/ndis-technology-support.html                                                                             21.64 kB │ gzip:   4.20 kB
dist/assets/space-grotesk-latin-BhU9QXUp.woff2                                                                                  22.29 kB
dist/school-services.html                                                                                                       22.33 kB │ gzip:   4.87 kB
dist/products/com1-monitor-msi-mp341cq/index.html                                                                               22.81 kB │ gzip:   5.37 kB
dist/products/com1-monitor-msi-mp341cqw/index.html                                                                              22.88 kB │ gzip:   5.37 kB
dist/products/com1-monitor-msi-mp165e6/index.html                                                                               23.56 kB │ gzip:   5.46 kB
dist/products/com1-monitor-msi-g255xf/index.html                                                                                23.62 kB │ gzip:   5.52 kB
dist/stores/toowong.html                                                                                                        24.91 kB │ gzip:   5.45 kB
dist/products/com1-monitor-msi-mag255f-x24/index.html                                                                           24.96 kB │ gzip:   5.74 kB
dist/products/com1-monitor-msi-mag275qfe20/index.html                                                                           25.01 kB │ gzip:   5.73 kB
dist/assets/banner-home-iphone18-pro-v2-720-Sy4QoItB.webp                                                                       25.08 kB
dist/stores/north-lakes.html                                                                                                    25.13 kB │ gzip:   5.40 kB
dist/products/com1-monitor-msi-nxg253r/index.html                                                                               25.18 kB │ gzip:   5.82 kB
dist/products/com1-monitor-msi-mag321upde14/index.html                                                                          25.31 kB │ gzip:   5.82 kB
dist/blog/how-to-sign-out-app-store-ios-26.html                                                                                 25.39 kB │ gzip:   6.23 kB
dist/stores/fairfield.html                                                                                                      25.56 kB │ gzip:   5.52 kB
dist/products/com1-monitor-msi-491cqp-qd-oled/index.html                                                                        25.98 kB │ gzip:   5.81 kB
dist/products/com1-monitor-msi-mpg321urx-qd-oled/index.html                                                                     26.01 kB │ gzip:   5.96 kB
dist/products/com1-monitor-msi-mag274qpf-x32/index.html                                                                         26.20 kB │ gzip:   5.93 kB
dist/products/com1-monitor-msi-mag275cf-x24/index.html                                                                          26.22 kB │ gzip:   5.96 kB
dist/products/com1-monitor-msi-mag274qrfw-x32/index.html                                                                        26.25 kB │ gzip:   5.93 kB
dist/products/com1-monitor-msi-mag325qf-e18v/index.html                                                                         26.28 kB │ gzip:   5.99 kB
dist/products/com1-monitor-msi-mag401qr/index.html                                                                              26.32 kB │ gzip:   5.94 kB
dist/products/com1-monitor-msi-mag275cqf/index.html                                                                             26.55 kB │ gzip:   6.00 kB
dist/products/com1-monitor-msi-mag321cqfe18/index.html                                                                          26.61 kB │ gzip:   6.01 kB
dist/products/com1-monitor-msi-mp271e14a/index.html                                                                             26.76 kB │ gzip:   6.05 kB
dist/repairs.html                                                                                                               27.24 kB │ gzip:   6.05 kB
dist/products/com1-monitor-msi-mp242-e14a/index.html                                                                            27.24 kB │ gzip:   6.13 kB
dist/category/charging-and-power--power-banks/index.html                                                                        27.36 kB │ gzip:   3.53 kB
dist/stores/park-ridge.html                                                                                                     27.47 kB │ gzip:   6.07 kB
dist/products/com1-monitor-msi-mag342cqrf-e20/index.html                                                                        27.50 kB │ gzip:   6.15 kB
dist/products/com1-monitor-msi-mp275qpdg/index.html                                                                             27.56 kB │ gzip:   6.21 kB
dist/products/com1-monitor-msi-mag274qpf-e20/index.html                                                                         27.76 kB │ gzip:   6.20 kB
dist/products/com1-monitor-msi-mp273q-e7/index.html                                                                             27.92 kB │ gzip:   6.34 kB
dist/products/com1-monitor-msi-mag274qpqd-oledx24/index.html                                                                    27.98 kB │ gzip:   6.19 kB
dist/products/com1-monitor-msi-mag274qpfx30mv/index.html                                                                        28.44 kB │ gzip:   6.31 kB
dist/repair-services/phones/samsung.html                                                                                        28.49 kB │ gzip:   5.54 kB
dist/products/com1-monitor-msi-mp275q-e14/index.html                                                                            28.64 kB │ gzip:   6.10 kB
dist/products/com1-monitor-msi-mpg321urxwqd-oled/index.html                                                                     28.69 kB │ gzip:   6.28 kB
dist/products/com1-monitor-msi-mag275upd-e14/index.html                                                                         28.81 kB │ gzip:   6.36 kB
dist/products/com1-monitor-msi-mpg272qrfx36/index.html                                                                          28.98 kB │ gzip:   6.40 kB
dist/products/com1-monitor-msi-mag272qpwqd-oled/index.html                                                                      29.07 kB │ gzip:   6.36 kB
dist/products/com1-monitor-msi-mpg341cqr-qd-oled-x36/index.html                                                                 29.36 kB │ gzip:   6.43 kB
dist/products/com1-monitor-msi-mag271kpd7/index.html                                                                            29.87 kB │ gzip:   6.62 kB
dist/products/com1-monitor-msi-mpg322ur-qd-oled-x24/index.html                                                                  29.88 kB │ gzip:   6.51 kB
dist/assets/instrument-sans-latin-BbzFLZTg.woff2                                                                                30.09 kB
dist/careers.html                                                                                                               30.83 kB │ gzip:   6.24 kB
dist/products/com1-monitor-msi-mpg274urdfwe16m/index.html                                                                       30.96 kB │ gzip:   6.65 kB
dist/products/com1-monitor-msi-mag275fe20/index.html                                                                            31.75 kB │ gzip:   6.60 kB
dist/checkout.html                                                                                                              32.86 kB │ gzip:   5.29 kB
dist/assets/ios26-apple-account-media-purchases-overview-redacted-Djp4cRoX.webp                                                 33.71 kB
dist/store-policy.html                                                                                                          35.89 kB │ gzip:   7.81 kB
dist/repair-services/tablets/apple.html                                                                                         36.42 kB │ gzip:   6.84 kB
dist/assets/logo-techm8-RvlID2a5.png                                                                                            36.70 kB
dist/repair-services/consoles/xbox.html                                                                                         37.53 kB │ gzip:   6.74 kB
dist/repair-services/consoles/nintendo.html                                                                                     38.63 kB │ gzip:   6.74 kB
dist/category/computer-and-gaming--monitors/index.html                                                                          42.64 kB │ gzip:   4.78 kB
dist/assets/iphone-repair-hero-generated-CVGzVpMx.webp                                                                          43.11 kB
dist/repair-services/consoles/sony.html                                                                                         45.99 kB │ gzip:   7.74 kB
dist/assets/banner-home-iphone18-pro-v2-1200-CBdMPCK_.webp                                                                      60.59 kB
dist/index.html                                                                                                                 77.79 kB │ gzip:  14.01 kB
dist/assets/xbox-hero-banner-C3IW8nr2.webp                                                                                      77.81 kB
dist/tmp/com1-monitor-trial/preview.html                                                                                        80.51 kB │ gzip:  14.14 kB
dist/assets/banner-home-iphone18-pro-v2-1536-BBR1Ijeq.webp                                                                      91.11 kB
dist/assets/playstation-hero-banner-BU5mxhwN.webp                                                                              101.20 kB
dist/assets/nintendo-hero-banner-BhMOOZPI.webp                                                                                 101.58 kB
dist/assets/account-area-CBYbwKo3.css                                                                                            8.19 kB │ gzip:   1.97 kB
dist/assets/admin-BrbPKTmG.css                                                                                                  29.24 kB │ gzip:   5.97 kB
dist/assets/styles.min-D0gc5JsZ.css                                                                                            189.35 kB │ gzip:  32.50 kB
dist/assets/styles-hOmc9Gfn.css                                                                                                189.53 kB │ gzip:  32.57 kB
dist/assets/dualsense-tester-index-BfeUz7oX.css                                                                                375.97 kB │ gzip:  54.32 kB
dist/assets/modulepreload-polyfill-B5Qt9EMX.js                                                                                   0.71 kB │ gzip:   0.40 kB
dist/assets/business-services-DimrSLXO.js                                                                                       30.34 kB │ gzip:   6.47 kB
dist/assets/admin-4xo4JJP5.js                                                                                                  125.80 kB │ gzip:  29.35 kB
dist/assets/script.min-ZytDL_0L.js                                                                                             229.97 kB │ gzip:  57.90 kB
dist/assets/dualsense-tester-index-B29TC_s2.js                                                                               1,254.04 kB │ gzip: 395.70 kB

(!) Some chunks are larger than 500 kB after minification. Consider:
- Using dynamic import() to code-split the application
- Use build.rollupOptions.output.manualChunks to improve chunking: https://rollupjs.org/configuration-options/#output-manualchunks
- Adjust chunk size limit for this warning via build.chunkSizeWarningLimit.
✓ built in 3.25s
